// Jest Snapshot v1, https://goo.gl/fbAQLP

exports[`Footer - Render Component 1`] = `
<header
  className="MuiPaper-root MuiAppBar-root MuiAppBar-positionStatic MuiAppBar-colorPrimary MuiPaper-elevation4"
>
  <div
    className="MuiContainer-root MuiContainer-maxWidthMd"
  >
    <div
      className="MuiToolbar-root MuiToolbar-regular MuiToolbar-gutters"
    >
      <p
        className="MuiTypography-root MuiTypography-body1 MuiTypography-colorInherit"
      >
        Â© 
        2021
         AutoFi
      </p>
    </div>
  </div>
</header>
`;
